[tunasport.weebly.com/index.html]
[backblue.gif]
[fade.gif]
[index.html]
[tunasport.weebly.com/uploads/7/4/5/1/74515899/published/baseketball_10aa0.png]
[cdn2.editmysite.com/css/sitesb7cc.css]
[cdn2.editmysite.com/css/old/fancyboxc130.css]
[cdn2.editmysite.com/css/social-icons951d.css]
[cdn2.editmysite.com/fonts/Bebas/fontc81e.css]
[tunasport.weebly.com/uploads/7/4/5/1/74515899/background-images/1959573408.jpg]
[ajax.googleapis.com/ajax/libs/jquery/1.8.3/jquery.min.js]
[cdn2.editmysite.com/js/lang/zh_TW/stle032.js]
[cdn2.editmysite.com/js/site/mainb7cc.js]
[www.google.com/recaptcha/api.js]
[tunasport.weebly.com/27963212053677427861.html]
[tunasport.weebly.com/36093201073603935338.html]
[tunasport.weebly.com/indexphp.html]
[tunasport.weebly.com/27963212052903129255.html]
[tunasport.weebly.com/32879320972510520497.html]
[cdn2.editmysite.com/js/site/footerSignupf116.js]
[tunasport.weebly.com/files/theme/plugins9dc6.js]
[tunasport.weebly.com/files/theme/custom9dc6.js]
[cdn2.editmysite.com/js/wsnbn/snowday262.js]
[secure.quantserve.com/quant.js]
[pixel.quantserve.com/pixel/p-0dYLvhSGGqUWo4cb7.gif]
[tunasport.weebly.com/index.html]
[cdn2.editmysite.com/images/util/videojs/white-bar.png]
[cdn2.editmysite.com/images/util/videojs/@2x/white-bar.png]
[cdn2.editmysite.com/images/util/videojs/gradient.png]
[cdn2.editmysite.com/images/util/videojs/@2x/gradient.png]
[cdn2.editmysite.com/sprites/util/videojs-sacae758aa2.png]
[cdn2.editmysite.com/sprites/util/videojs/@2x-s2aff7e7d9a.png]
[cdn2.editmysite.com/images/util/videojs/volume-filled.png]
[cdn2.editmysite.com/images/util/videojs/@2x/volume-filled.png]
[cdn2.editmysite.com/images/util/videojs/volume-mute.png]
[cdn2.editmysite.com/images/util/videojs/@2x/volume-mute.png]
[cdn2.editmysite.com/images/util/videojs/blue-bar.png]
[cdn2.editmysite.com/images/util/videojs/@2x/blue-bar.png]
[cdn2.editmysite.com/images/util/videojs/maximize-icon.png]
[cdn2.editmysite.com/images/util/videojs/@2x/maximize-icon.png]
[cdn2.editmysite.com/images/util/videojs/minimize-icon.png]
[cdn2.editmysite.com/images/util/videojs/@2x/minimize-icon.png]
[cdn2.editmysite.com/images/util/videojs/play-icon.png]
[cdn2.editmysite.com/images/util/videojs/@2x/play-icon.png]
[cdn2.editmysite.com/images/util/videojs/sad-face.png]
[cdn2.editmysite.com/images/util/videojs/@2x/sad-face.png]
[cdn2.editmysite.com/images/util/videojs/loading-icon.png]
[cdn2.editmysite.com/images/util/videojs/@2x/loading-icon.png]
[cdn2.editmysite.com/images/common/buttons/small_grey.png]
[cdn2.editmysite.com/images/common/buttons/small_blue.png]
[cdn2.editmysite.com/images/old/button/large_grey.png]
[cdn2.editmysite.com/images/common/buttons/large_blue.png]
[cdn2.editmysite.com/images/common/search-light.png]
[cdn2.editmysite.com/images/common/social_icons.png]
[cdn2.editmysite.com/images/common/blog/blog-comment-button.png]
[cdn2.editmysite.com/images/common/blog/blog-comment-header.png]
[cdn2.editmysite.com/images/common/blog/blog-comment-pointer.png]
[cdn2.editmysite.com/images/common/blog/blog-comment-link.png]
[cdn2.editmysite.com/images/common/blog/blog-comment-header-author.png]
[cdn2.editmysite.com/images/common/blog/blog-comment-pointer-author.png]
[cdn2.editmysite.com/images/common/blog/blog-comment-field-bg.png]
[cdn2.editmysite.com/images/common/blog/dark-blog-comment-header.png]
[cdn2.editmysite.com/images/common/blog/dark-blog-comment-pointer.png]
[cdn2.editmysite.com/images/common/blog/dark-blog-comment-header-author.png]
[cdn2.editmysite.com/images/common/blog/dark-blog-comment-pointer-author.png]
[cdn2.editmysite.com/images/common/blog/dark-blog-comment-link.png]
[cdn2.editmysite.com/images/util/general/blank.gif]
[cdn2.editmysite.com/images/common/lightbox/prevlabel.gif]
[cdn2.editmysite.com/images/common/lightbox/nextlabel.gif]
[cdn2.editmysite.com/sprites/util/inputs/checkmarkBox-s7868418152.png]
[cdn2.editmysite.com/sprites/util/inputs/checkmarkBox/@2x-s211a47d318.png]
[cdn2.editmysite.com/images/util/inputs/search-input-bg.jpg]
[cdn2.editmysite.com/images/common/magnifying-glass.png]
[cdn2.editmysite.com/images/common/checkmarks/checkmark-mini.png]
[cdn2.editmysite.com/images/common/checkmarks/@2x/checkmark-mini.png]
[cdn2.editmysite.com/images/common/search-pagination-bg.png]
[cdn2.editmysite.com/images/util/general/top-triangle-000.png]
[cdn2.editmysite.com/images/util/general/bottom-triangle-000.png]
[cdn2.editmysite.com/images/util/general/top-triangle-000@2x.png]
[cdn2.editmysite.com/images/util/general/bottom-triangle-000@2x.png]
[cdn2.editmysite.com/sprites/common/social-icons-s5ea5500bdb.png]
[cdn2.editmysite.com/sprites/common/social-icons/@2x-s0ae7d70c70.png]
[cdn2.editmysite.com/sprites/site/mini-cart-s86c48effae.png]
[cdn2.editmysite.com/sprites/site/mini-cart/@2x-s576cbc3f90.png]
[cdn2.editmysite.com/images/loading.gif]
[cdn2.editmysite.com/sprites/site/mobile/commerce-sdf6d4e852c.png]
[cdn2.editmysite.com/sprites/site/mobile/commerce/@2x-s82f968c453.png]
[cdn2.editmysite.com/images/site/checkout/paypal.png]
[cdn2.editmysite.com/images/site/checkout/@2x/paypal.png]
[cdn2.editmysite.com/images/site/checkout/credit-cards.png]
[cdn2.editmysite.com/images/site/checkout/@2x/credit-cards.png]
[cdn2.editmysite.com/images/site/checkout/print.png]
[cdn2.editmysite.com/images/site/checkout/print@2x.png]
[cdn2.editmysite.com/images/vendor/select2/select2.png]
[cdn2.editmysite.com/images/vendor/select2/select2-spinner.gif]
[cdn2.editmysite.com/images/vendor/select2/select2x2.png]
[cdn2.editmysite.com/images/util/spinner/spinner-dark.png]
[cdn2.editmysite.com/images/util/spinner/spinner-light.png]
[cdn2.editmysite.com/images/util/loading-white-w24.gif]
[cdn2.editmysite.com/images/common/form_input_bg.gif]
[cdn2.editmysite.com/sprites/site/forms-s3786257308.png]
[cdn2.editmysite.com/sprites/site/forms/@2x-s47607b315a.png]
[cdn2.editmysite.com/images/blank.gif]
[cdn2.editmysite.com/sprites/site/footer-s48158ed9f7.png]
[cdn2.editmysite.com/sprites/site/footer/@2x-s398696b4d5.png]
[cdn2.editmysite.com/images/old/photoswipe/loader.gif]
[cdn2.editmysite.com/images/old/photoswipe/error.gif]
[cdn2.editmysite.com/images/old/photoswipe/icons.png]
[cdn2.editmysite.com/images/old/photoswipe/icons@2x.png]
[cdn2.editmysite.com/css/sitesb7cc.css]
[cdn2.editmysite.com/images/old/fancybox/fancybox_sprite.png]
[cdn2.editmysite.com/images/old/fancybox/fancybox_loading.gif]
[cdn2.editmysite.com/images/old/fancybox/blank.gif]
[cdn2.editmysite.com/images/old/fancybox/fancybox_overlay.png]
[cdn2.editmysite.com/css/old/fancyboxc130.css]
[cdn2.editmysite.com/css/social-icons951d.css]
[tunasport.weebly.com/files/theme/images/default-bg5a22.jpg]
[tunasport.weebly.com/files/theme/images/select-dropdown5a22.png]
[tunasport.weebly.com/files/main_style5a22.css]
[cdn2.editmysite.com/fonts/Bebas/fontc81e.css]
[cdn2.editmysite.com/fonts/Bebas/regular.eot]
[cdn2.editmysite.com/js/lang/zh_TW/stle032.js]
[cdn2.editmysite.com/fonts/Bebas/regular.ttf]
[cdn2.editmysite.com/fonts/Bebas/regulard41d.eot]
[www.google-analytics.com/__utmcb31.gif]
[cdn2.editmysite.com/js/site/mainb7cc.js]
[tunasport.weebly.com/27963212053677427861.html]
[tunasport.weebly.com/36093201073603935338.html]
[tunasport.weebly.com/files/theme/plugins.js]
[tunasport.weebly.com/files/theme/custom.js]
[tunasport.weebly.com/indexphp.html]
[tunasport.weebly.com/uploads/7/4/5/1/74515899/d2718862.jpg]
[cdn2.editmysite.com/css/old/slideshow/slideshowc130.css]
[cdn2.editmysite.com/js/old/slideshow-jqb7cc.js]
[tunasport.weebly.com/27963212052903129255.html]
[tunasport.weebly.com/32879320972510520497.html]
[tunasport.weebly.com/_/uploads/7/4/5/1/74515899/background-images/361192395.html]
[cdn2.editmysite.com/js/site/footerSignupf116.js]
[cdn2.editmysite.com/js/wsnbn/snowday262.js]
[secure.quantserve.com/quant.js]
[tunasport.weebly.com/Before you execute the binding your view must have a model or a collection.html]
[tunasport.weebly.com/mustache.html]
[tunasport.weebly.com/GET.html]
[tunasport.weebly.com/formSubmit.html]
[tunasport.weebly.com/formSubmitAjax.html]
[tunasport.weebly.com/weebly/libraries/videojs/video-js.html]
[tunasport.weebly.com/AppleWebKit/index.html]
[tunasport.weebly.com/Mobile/index.html]
[cdn2.editmysite.com/images/old/slideshow/control_icons.gif]
[cdn2.editmysite.com/images/old/slideshow/header_slideshow_sprites.png]
[cdn2.editmysite.com/images/old/loading.gif]
[cdn2.editmysite.com/images/old/slideshow/header_slideshow_sprites1x.png]
[cdn2.editmysite.com/css/old/slideshow/slideshowc130.css]
[cdn2.editmysite.com/js/old/slideshow-jqb7cc.js]
[tunasport.weebly.com/ABCDEFGHIJKLMNOPQRSTUVWXYZabcdefghijklmnopqrstuvwxyz0123456789+/index.html]
[tunasport.weebly.com/payload.html]
[tunasport.weebly.com/POST.html]
